escape sequence is started with a backslash: \
to print a tab (	)	use "\t"
to print a backslash (\)	use "\\"
to print double quotes (")	use "\""
to print a single quote (')	use "\'"
to start a new line (
)				use "\n"
