the neighbor of the beast:667!
the neighbor of the beast:29B!
the neighbor of the beast:       667!
the neighbor of the beast:667       !
the neighbor of the beast:00000667!
the neighbor of the beast:+667        !
