enter first number (a):enter second number (b):a=1, b=2
swapped:
a=2, b=1
