Pi=3.141593!
Pi=    3.141593!
Pi=        3.14!
Pi=         3!
Pi=3.14159265359!
Pi=00000003.141593!
Pi=+00000000003.14!
