Welcome to the TimeCalculator!
please enter a duration in milliseconds:1000 ms are exactly:
   days 0
  hours 0
minutes 0
seconds 1
     ms 0
