Welcome to the TimeCalculator!
please enter a duration in milliseconds:3452347890 ms are exactly:
   days 39
  hours 22
minutes 59
seconds 7
     ms 890
