enter price: enter quality: high price
high quality
luxury
