enter price: enter quality: low price
low quality
junk
