enter first number (a):enter second number (b):a=0, b=0
swapped:
a=0, b=0
