Welcome to the TimeCalculator!
please enter a duration in milliseconds:0 ms are exactly:
   days 0
  hours 0
minutes 0
seconds 0
     ms 0
