Welcome to the TimeCalculator!
please enter a duration in milliseconds:3600000 ms are exactly:
   days 0
  hours 1
minutes 0
seconds 0
     ms 0
