Welcome to the TimeCalculator!
please enter a duration in milliseconds:86400000 ms are exactly:
   days 1
  hours 0
minutes 0
seconds 0
     ms 0
