enter price: enter quality: high price
low quality
rip off
