enter price: enter quality: low price
high quality
bargain
