enter rows: enter columns: 
      1
-------
 1 |  1