enter base:
       5
      25
     125
     625
    3125
   15625
   78125
